#-----------------------------------------------------------
# Vivado v2016.2 (64-bit)
# SW Build 1577090 on Thu Jun  2 16:32:40 MDT 2016
# IP Build 1577682 on Fri Jun  3 12:00:54 MDT 2016
# Start of session at: Mon Nov 07 16:44:28 2016
# Process ID: 2976
# Current directory: C:/Kristian/GitHub/TFE4141/project/Term_Project
# Command line: vivado.exe -gui_launcher_event rodinguilauncherevent6088 C:\Kristian\GitHub\TFE4141\project\Term_Project\Term_Project.xpr
# Log file: C:/Kristian/GitHub/TFE4141/project/Term_Project/vivado.log
# Journal file: C:/Kristian/GitHub/TFE4141/project/Term_Project\vivado.jou
#-----------------------------------------------------------
start_gui
open_project C:/Kristian/GitHub/TFE4141/project/Term_Project/Term_Project.xpr
update_compile_order -fileset sources_1
add_files -norecurse -scan_for_includes {{C:/Kristian/GitHub/TFE4141/project/Term_Project/VHDL sources/EdgeCounter.vhd} {C:/Kristian/GitHub/TFE4141/project/Term_Project/VHDL sources/SIPO.vhd}}
import_files -norecurse {{C:/Kristian/GitHub/TFE4141/project/Term_Project/VHDL sources/EdgeCounter.vhd} {C:/Kristian/GitHub/TFE4141/project/Term_Project/VHDL sources/SIPO.vhd}}
update_compile_order -fileset sources_1
update_compile_order -fileset sources_1
update_compile_order -fileset sources_1
update_compile_order -fileset sources_1
update_compile_order -fileset sources_1
remove_files {{C:/Kristian/GitHub/TFE4141/project/Term_Project/VHDL sources/NegEdgeCounter.vhd}}
remove_files {{C:/Kristian/GitHub/TFE4141/project/Term_Project/VHDL sources/negEdgeSIPO.vhd}}
